10
15
15
int
10
float
1.000000
bool
true
string
Hello
thisIsACoolName