10
20
25
15
int
10
float
1.0
bool
true
string
Hello
thisIsACoolName